---
source: tests/view/input_parser.rs
expression: result
---
- SubmitRequest:
    request:
      url: "http://url.com"
      method: POST
      headers: {}
      body: ""

