---
source: tests/view/input_parser.rs
expression: result
---
- SubmitRequest:
    request:
      url:
        ValidatedUrl:
          protocol: ~
          host: url.com
          port: ~
          paths: []
          query_params: []
          anchor: ~
      method: POST
      headers: {}
      body: "{\"Hello\":\"World\"}"

