---
source: tests/view/map_input_to_commands.rs
expression: output.unwrap()
---
- SubmitRequest:
    request:
      url:
        ValidatedUrl:
          protocol: ~
          host: url.com
          port: ~
          paths: []
          query_params: []
          anchor: ~
      method: POST
      headers: {}
      body:
        Json:
          age: "40"
          job: Dev
          name: Thales
    view_options:
      print_body_only: false
      suppress_output: false
