---
source: tests/view/input_parser.rs
expression: result
---
- SaveRequest:
    request_name: url.com
    request_data:
      url: "http://some_another_api.com"
      method: GET
      headers: ~
      body: ~
    check_exists_before: true

